2025-06-03 10:57:51,079 - INFO - === Profile Browser Monitor Starting ===
2025-06-03 10:57:51,079 - INFO - Using Chrome profile: /Users/sanjarbeksaidov/Library/Application Support/Google/Chrome
2025-06-03 10:57:51,082 - WARNING - Chrome is already running. Using remote debugging port.
2025-06-03 10:57:51,082 - INFO - ====== WebDriver manager ======
2025-06-03 10:57:51,556 - INFO - Get LATEST chromedriver version for google-chrome
2025-06-03 10:57:52,254 - INFO - Get LATEST chromedriver version for google-chrome
2025-06-03 10:57:52,860 - INFO - Driver [/Users/sanjarbeksaidov/.wdm/drivers/chromedriver/mac64/137.0.7151.68/chromedriver-mac-arm64/chromedriver] found in cache
2025-06-03 10:57:53,072 - ERROR - Failed to setup Chrome with profile: Message: invalid argument: cannot parse capability: goog:chromeOptions
from invalid argument: unrecognized chrome option: excludeSwitches
Stacktrace:
0   chromedriver                        0x00000001007d6654 cxxbridge1$str$ptr + 2723108
1   chromedriver                        0x00000001007ce8c8 cxxbridge1$str$ptr + 2690968
2   chromedriver                        0x0000000100322714 cxxbridge1$string$len + 90428
3   chromedriver                        0x000000010034a5ac cxxbridge1$string$len + 253908
4   chromedriver                        0x0000000100347544 cxxbridge1$string$len + 241516
5   chromedriver                        0x0000000100395784 cxxbridge1$string$len + 561580
6   chromedriver                        0x000000010039524c cxxbridge1$string$len + 560244
7   chromedriver                        0x00000001003969d0 cxxbridge1$string$len + 566264
8   chromedriver                        0x00000001003967e4 cxxbridge1$string$len + 565772
9   chromedriver                        0x000000010035d9c8 cxxbridge1$string$len + 332784
10  chromedriver                        0x000000010079a278 cxxbridge1$str$ptr + 2476360
11  chromedriver                        0x000000010079d50c cxxbridge1$str$ptr + 2489308
12  chromedriver                        0x000000010077ba64 cxxbridge1$str$ptr + 2351412
13  chromedriver                        0x000000010079dd94 cxxbridge1$str$ptr + 2491492
14  chromedriver                        0x000000010076cd58 cxxbridge1$str$ptr + 2290728
15  chromedriver                        0x00000001007bdd60 cxxbridge1$str$ptr + 2622512
16  chromedriver                        0x00000001007bdeec cxxbridge1$str$ptr + 2622908
17  chromedriver                        0x00000001007ce514 cxxbridge1$str$ptr + 2690020
18  libsystem_pthread.dylib             0x000000018159ec0c _pthread_start + 136
19  libsystem_pthread.dylib             0x0000000181599b80 thread_start + 8

2025-06-03 10:57:53,073 - INFO - Setting up fallback Chrome without profile...
2025-06-03 10:57:53,073 - INFO - ====== WebDriver manager ======
2025-06-03 10:57:53,164 - INFO - Get LATEST chromedriver version for google-chrome
2025-06-03 10:57:53,717 - INFO - Get LATEST chromedriver version for google-chrome
2025-06-03 10:57:54,300 - INFO - Driver [/Users/sanjarbeksaidov/.wdm/drivers/chromedriver/mac64/137.0.7151.68/chromedriver-mac-arm64/chromedriver] found in cache
2025-06-03 10:57:55,942 - INFO - Fallback Chrome setup completed
2025-06-03 10:57:55,956 - INFO - [BROWSER_START] Chrome browser opened with profile
2025-06-03 10:57:55,957 - INFO - Starting browsing activity monitoring...
2025-06-03 10:57:55,966 - INFO - [URL_CHANGE] Navigated to: about:blank
2025-06-03 10:58:25,332 - ERROR - WebDriver error during monitoring: Message: no such window: target window already closed
from unknown error: web view not found
  (Session info: chrome=137.0.7151.56)
Stacktrace:
0   chromedriver                        0x0000000100692654 cxxbridge1$str$ptr + 2723108
1   chromedriver                        0x000000010068a8c8 cxxbridge1$str$ptr + 2690968
2   chromedriver                        0x00000001001de714 cxxbridge1$string$len + 90428
3   chromedriver                        0x00000001001b8740 chromedriver + 132928
4   chromedriver                        0x000000010024d9e4 cxxbridge1$string$len + 545804
5   chromedriver                        0x0000000100266908 cxxbridge1$string$len + 647984
6   chromedriver                        0x00000001002199c8 cxxbridge1$string$len + 332784
7   chromedriver                        0x0000000100656278 cxxbridge1$str$ptr + 2476360
8   chromedriver                        0x000000010065950c cxxbridge1$str$ptr + 2489308
9   chromedriver                        0x0000000100637a64 cxxbridge1$str$ptr + 2351412
10  chromedriver                        0x0000000100659d94 cxxbridge1$str$ptr + 2491492
11  chromedriver                        0x0000000100628d58 cxxbridge1$str$ptr + 2290728
12  chromedriver                        0x0000000100679d60 cxxbridge1$str$ptr + 2622512
13  chromedriver                        0x0000000100679eec cxxbridge1$str$ptr + 2622908
14  chromedriver                        0x000000010068a514 cxxbridge1$str$ptr + 2690020
15  libsystem_pthread.dylib             0x000000018159ec0c _pthread_start + 136
16  libsystem_pthread.dylib             0x0000000181599b80 thread_start + 8

2025-06-03 10:58:25,334 - ERROR - Error closing browser: Message: no such window: target window already closed
from unknown error: web view not found
  (Session info: chrome=137.0.7151.56)
Stacktrace:
0   chromedriver                        0x0000000100692654 cxxbridge1$str$ptr + 2723108
1   chromedriver                        0x000000010068a8c8 cxxbridge1$str$ptr + 2690968
2   chromedriver                        0x00000001001de714 cxxbridge1$string$len + 90428
3   chromedriver                        0x00000001001b8740 chromedriver + 132928
4   chromedriver                        0x000000010024d9e4 cxxbridge1$string$len + 545804
5   chromedriver                        0x0000000100266908 cxxbridge1$string$len + 647984
6   chromedriver                        0x00000001002199c8 cxxbridge1$string$len + 332784
7   chromedriver                        0x0000000100656278 cxxbridge1$str$ptr + 2476360
8   chromedriver                        0x000000010065950c cxxbridge1$str$ptr + 2489308
9   chromedriver                        0x0000000100637a64 cxxbridge1$str$ptr + 2351412
10  chromedriver                        0x0000000100659d94 cxxbridge1$str$ptr + 2491492
11  chromedriver                        0x0000000100628d58 cxxbridge1$str$ptr + 2290728
12  chromedriver                        0x0000000100679d60 cxxbridge1$str$ptr + 2622512
13  chromedriver                        0x0000000100679eec cxxbridge1$str$ptr + 2622908
14  chromedriver                        0x000000010068a514 cxxbridge1$str$ptr + 2690020
15  libsystem_pthread.dylib             0x000000018159ec0c _pthread_start + 136
16  libsystem_pthread.dylib             0x0000000181599b80 thread_start + 8

2025-06-03 10:58:25,335 - INFO - Monitoring session completed. Total activities logged: 2
2025-06-03 10:58:25,336 - ERROR - Error closing browser: Message: no such window: target window already closed
from unknown error: web view not found
  (Session info: chrome=137.0.7151.56)
Stacktrace:
0   chromedriver                        0x0000000100692654 cxxbridge1$str$ptr + 2723108
1   chromedriver                        0x000000010068a8c8 cxxbridge1$str$ptr + 2690968
2   chromedriver                        0x00000001001de714 cxxbridge1$string$len + 90428
3   chromedriver                        0x00000001001b8740 chromedriver + 132928
4   chromedriver                        0x000000010024d9e4 cxxbridge1$string$len + 545804
5   chromedriver                        0x0000000100266908 cxxbridge1$string$len + 647984
6   chromedriver                        0x00000001002199c8 cxxbridge1$string$len + 332784
7   chromedriver                        0x0000000100656278 cxxbridge1$str$ptr + 2476360
8   chromedriver                        0x000000010065950c cxxbridge1$str$ptr + 2489308
9   chromedriver                        0x0000000100637a64 cxxbridge1$str$ptr + 2351412
10  chromedriver                        0x0000000100659d94 cxxbridge1$str$ptr + 2491492
11  chromedriver                        0x0000000100628d58 cxxbridge1$str$ptr + 2290728
12  chromedriver                        0x0000000100679d60 cxxbridge1$str$ptr + 2622512
13  chromedriver                        0x0000000100679eec cxxbridge1$str$ptr + 2622908
14  chromedriver                        0x000000010068a514 cxxbridge1$str$ptr + 2690020
15  libsystem_pthread.dylib             0x000000018159ec0c _pthread_start + 136
16  libsystem_pthread.dylib             0x0000000181599b80 thread_start + 8

2025-06-03 10:58:25,336 - INFO - Monitoring session completed. Total activities logged: 2
2025-06-03 10:59:49,513 - INFO - === Profile Browser Monitor Starting ===
2025-06-03 10:59:49,516 - INFO - Chrome is already running. Attempting to connect via remote debugging...
2025-06-03 10:59:49,516 - INFO - ====== WebDriver manager ======
2025-06-03 10:59:49,662 - INFO - Get LATEST chromedriver version for google-chrome
2025-06-03 10:59:50,435 - INFO - Get LATEST chromedriver version for google-chrome
2025-06-03 10:59:51,058 - INFO - Driver [/Users/sanjarbeksaidov/.wdm/drivers/chromedriver/mac64/137.0.7151.68/chromedriver-mac-arm64/chromedriver] found in cache
2025-06-03 11:00:51,345 - WARNING - Could not connect to existing Chrome via debugging: Message: session not created: cannot connect to chrome at 127.0.0.1:9222
from chrome not reachable
Stacktrace:
0   chromedriver                        0x0000000104aa2654 cxxbridge1$str$ptr + 2723108
1   chromedriver                        0x0000000104a9a8c8 cxxbridge1$str$ptr + 2690968
2   chromedriver                        0x00000001045ee588 cxxbridge1$string$len + 90032
3   chromedriver                        0x00000001045dcbf8 cxxbridge1$string$len + 17952
4   chromedriver                        0x0000000104625b50 cxxbridge1$string$len + 316792
5   chromedriver                        0x000000010461d7c4 cxxbridge1$string$len + 283116
6   chromedriver                        0x0000000104662f30 cxxbridge1$string$len + 567640
7   chromedriver                        0x00000001046627e4 cxxbridge1$string$len + 565772
8   chromedriver                        0x00000001046299c8 cxxbridge1$string$len + 332784
9   chromedriver                        0x0000000104a66278 cxxbridge1$str$ptr + 2476360
10  chromedriver                        0x0000000104a6950c cxxbridge1$str$ptr + 2489308
11  chromedriver                        0x0000000104a47a64 cxxbridge1$str$ptr + 2351412
12  chromedriver                        0x0000000104a69d94 cxxbridge1$str$ptr + 2491492
13  chromedriver                        0x0000000104a38d58 cxxbridge1$str$ptr + 2290728
14  chromedriver                        0x0000000104a89d60 cxxbridge1$str$ptr + 2622512
15  chromedriver                        0x0000000104a89eec cxxbridge1$str$ptr + 2622908
16  chromedriver                        0x0000000104a9a514 cxxbridge1$str$ptr + 2690020
17  libsystem_pthread.dylib             0x000000018159ec0c _pthread_start + 136
18  libsystem_pthread.dylib             0x0000000181599b80 thread_start + 8

2025-06-03 11:00:51,346 - INFO - Will close existing Chrome and start new instance with profile...
2025-06-03 11:00:54,403 - INFO - Starting Chrome with profile: /Users/sanjarbeksaidov/Library/Application Support/Google/Chrome
2025-06-03 11:00:54,403 - INFO - ====== WebDriver manager ======
2025-06-03 11:00:54,561 - INFO - Get LATEST chromedriver version for google-chrome
2025-06-03 11:00:55,108 - INFO - Get LATEST chromedriver version for google-chrome
2025-06-03 11:00:55,664 - INFO - Driver [/Users/sanjarbeksaidov/.wdm/drivers/chromedriver/mac64/137.0.7151.68/chromedriver-mac-arm64/chromedriver] found in cache
2025-06-03 11:01:55,900 - ERROR - Failed to setup Chrome with profile: Message: session not created: cannot connect to chrome at 127.0.0.1:9222
from chrome not reachable
Stacktrace:
0   chromedriver                        0x0000000104b96654 cxxbridge1$str$ptr + 2723108
1   chromedriver                        0x0000000104b8e8c8 cxxbridge1$str$ptr + 2690968
2   chromedriver                        0x00000001046e2588 cxxbridge1$string$len + 90032
3   chromedriver                        0x00000001046d0bf8 cxxbridge1$string$len + 17952
4   chromedriver                        0x0000000104719b50 cxxbridge1$string$len + 316792
5   chromedriver                        0x00000001047117c4 cxxbridge1$string$len + 283116
6   chromedriver                        0x0000000104756f30 cxxbridge1$string$len + 567640
7   chromedriver                        0x00000001047567e4 cxxbridge1$string$len + 565772
8   chromedriver                        0x000000010471d9c8 cxxbridge1$string$len + 332784
9   chromedriver                        0x0000000104b5a278 cxxbridge1$str$ptr + 2476360
10  chromedriver                        0x0000000104b5d50c cxxbridge1$str$ptr + 2489308
11  chromedriver                        0x0000000104b3ba64 cxxbridge1$str$ptr + 2351412
12  chromedriver                        0x0000000104b5dd94 cxxbridge1$str$ptr + 2491492
13  chromedriver                        0x0000000104b2cd58 cxxbridge1$str$ptr + 2290728
14  chromedriver                        0x0000000104b7dd60 cxxbridge1$str$ptr + 2622512
15  chromedriver                        0x0000000104b7deec cxxbridge1$str$ptr + 2622908
16  chromedriver                        0x0000000104b8e514 cxxbridge1$str$ptr + 2690020
17  libsystem_pthread.dylib             0x000000018159ec0c _pthread_start + 136
18  libsystem_pthread.dylib             0x0000000181599b80 thread_start + 8

2025-06-03 11:01:55,901 - INFO - Setting up fallback Chrome without profile...
2025-06-03 11:01:55,902 - INFO - ====== WebDriver manager ======
2025-06-03 11:01:56,062 - INFO - Get LATEST chromedriver version for google-chrome
2025-06-03 11:01:56,759 - INFO - Get LATEST chromedriver version for google-chrome
2025-06-03 11:01:57,312 - INFO - Driver [/Users/sanjarbeksaidov/.wdm/drivers/chromedriver/mac64/137.0.7151.68/chromedriver-mac-arm64/chromedriver] found in cache
2025-06-03 11:01:58,925 - INFO - Fallback Chrome setup completed
2025-06-03 11:01:58,942 - INFO - [BROWSER_START] Chrome browser opened with profile
2025-06-03 11:01:58,943 - INFO - Starting browsing activity monitoring...
2025-06-03 11:01:58,950 - INFO - [URL_CHANGE] Navigated to: about:blank
2025-06-03 11:02:08,050 - ERROR - WebDriver error during monitoring: Message: invalid session id: session deleted as the browser has closed the connection
from disconnected: not connected to DevTools
  (Session info: chrome=137.0.7151.56)
Stacktrace:
0   chromedriver                        0x0000000101486654 cxxbridge1$str$ptr + 2723108
1   chromedriver                        0x000000010147e8c8 cxxbridge1$str$ptr + 2690968
2   chromedriver                        0x0000000100fd2714 cxxbridge1$string$len + 90428
3   chromedriver                        0x0000000100fbc1d0 chromedriver + 197072
4   chromedriver                        0x0000000100fdf1a8 cxxbridge1$string$len + 142288
5   chromedriver                        0x0000000101041bb0 cxxbridge1$string$len + 546264
6   chromedriver                        0x000000010105a908 cxxbridge1$string$len + 647984
7   chromedriver                        0x000000010100d9c8 cxxbridge1$string$len + 332784
8   chromedriver                        0x000000010144a278 cxxbridge1$str$ptr + 2476360
9   chromedriver                        0x000000010144d50c cxxbridge1$str$ptr + 2489308
10  chromedriver                        0x000000010142ba64 cxxbridge1$str$ptr + 2351412
11  chromedriver                        0x000000010144dd94 cxxbridge1$str$ptr + 2491492
12  chromedriver                        0x000000010141cd58 cxxbridge1$str$ptr + 2290728
13  chromedriver                        0x000000010146dd60 cxxbridge1$str$ptr + 2622512
14  chromedriver                        0x000000010146deec cxxbridge1$str$ptr + 2622908
15  chromedriver                        0x000000010147e514 cxxbridge1$str$ptr + 2690020
16  libsystem_pthread.dylib             0x000000018159ec0c _pthread_start + 136
17  libsystem_pthread.dylib             0x0000000181599b80 thread_start + 8

2025-06-03 11:02:08,086 - ERROR - Error closing browser: Message: invalid session id
Stacktrace:
0   chromedriver                        0x0000000101486654 cxxbridge1$str$ptr + 2723108
1   chromedriver                        0x000000010147e8c8 cxxbridge1$str$ptr + 2690968
2   chromedriver                        0x0000000100fd2588 cxxbridge1$string$len + 90032
3   chromedriver                        0x000000010100ce8c cxxbridge1$string$len + 329908
4   chromedriver                        0x0000000101035578 cxxbridge1$string$len + 495520
5   chromedriver                        0x0000000101034880 cxxbridge1$string$len + 492200
6   chromedriver                        0x0000000100fa2af0 chromedriver + 92912
7   chromedriver                        0x000000010144a278 cxxbridge1$str$ptr + 2476360
8   chromedriver                        0x000000010144d50c cxxbridge1$str$ptr + 2489308
9   chromedriver                        0x000000010142ba64 cxxbridge1$str$ptr + 2351412
10  chromedriver                        0x000000010144dd94 cxxbridge1$str$ptr + 2491492
11  chromedriver                        0x000000010141cd58 cxxbridge1$str$ptr + 2290728
12  chromedriver                        0x0000000100fa0dc8 chromedriver + 85448
13  dyld                                0x00000001811feb98 start + 6076

2025-06-03 11:02:08,086 - INFO - Monitoring session completed. Total activities logged: 2
2025-06-03 11:02:08,087 - ERROR - Error closing browser: Message: invalid session id
Stacktrace:
0   chromedriver                        0x0000000101486654 cxxbridge1$str$ptr + 2723108
1   chromedriver                        0x000000010147e8c8 cxxbridge1$str$ptr + 2690968
2   chromedriver                        0x0000000100fd2588 cxxbridge1$string$len + 90032
3   chromedriver                        0x000000010100ce8c cxxbridge1$string$len + 329908
4   chromedriver                        0x0000000101035578 cxxbridge1$string$len + 495520
5   chromedriver                        0x0000000101034880 cxxbridge1$string$len + 492200
6   chromedriver                        0x0000000100fa2af0 chromedriver + 92912
7   chromedriver                        0x000000010144a278 cxxbridge1$str$ptr + 2476360
8   chromedriver                        0x000000010144d50c cxxbridge1$str$ptr + 2489308
9   chromedriver                        0x000000010142ba64 cxxbridge1$str$ptr + 2351412
10  chromedriver                        0x000000010144dd94 cxxbridge1$str$ptr + 2491492
11  chromedriver                        0x000000010141cd58 cxxbridge1$str$ptr + 2290728
12  chromedriver                        0x0000000100fa0dc8 chromedriver + 85448
13  dyld                                0x00000001811feb98 start + 6076

2025-06-03 11:02:08,087 - INFO - Monitoring session completed. Total activities logged: 2
